Archive member included to satisfy reference by file (symbol)

/home/abarnika/st/stm32cubeide_1.19.0/plugins/com.st.stm32cube.ide.mcu.externaltools.gnu-tools-for-stm32.13.3.rel1.linux64_1.0.0.202410170706/tools/bin/../lib/gcc/arm-none-eabi/13.3.1/../../../../arm-none-eabi/lib/thumb/v7e-m+fp/hard/libc_nano.a(libc_a-exit.o)
                              /home/abarnika/st/stm32cubeide_1.19.0/plugins/com.st.stm32cube.ide.mcu.externaltools.gnu-tools-for-stm32.13.3.rel1.linux64_1.0.0.202410170706/tools/bin/../lib/gcc/arm-none-eabi/13.3.1/../../../../arm-none-eabi/lib/thumb/v7e-m+fp/hard/crt0.o (exit)
/home/abarnika/st/stm32cubeide_1.19.0/plugins/com.st.stm32cube.ide.mcu.externaltools.gnu-tools-for-stm32.13.3.rel1.linux64_1.0.0.202410170706/tools/bin/../lib/gcc/arm-none-eabi/13.3.1/../../../../arm-none-eabi/lib/thumb/v7e-m+fp/hard/libc_nano.a(libc_a-findfp.o)
                              /home/abarnika/st/stm32cubeide_1.19.0/plugins/com.st.stm32cube.ide.mcu.externaltools.gnu-tools-for-stm32.13.3.rel1.linux64_1.0.0.202410170706/tools/bin/../lib/gcc/arm-none-eabi/13.3.1/../../../../arm-none-eabi/lib/thumb/v7e-m+fp/hard/libc_nano.a(libc_a-exit.o) (__stdio_exit_handler)
/home/abarnika/st/stm32cubeide_1.19.0/plugins/com.st.stm32cube.ide.mcu.externaltools.gnu-tools-for-stm32.13.3.rel1.linux64_1.0.0.202410170706/tools/bin/../lib/gcc/arm-none-eabi/13.3.1/../../../../arm-none-eabi/lib/thumb/v7e-m+fp/hard/libc_nano.a(libc_a-fwalk.o)
                              /home/abarnika/st/stm32cubeide_1.19.0/plugins/com.st.stm32cube.ide.mcu.externaltools.gnu-tools-for-stm32.13.3.rel1.linux64_1.0.0.202410170706/tools/bin/../lib/gcc/arm-none-eabi/13.3.1/../../../../arm-none-eabi/lib/thumb/v7e-m+fp/hard/libc_nano.a(libc_a-findfp.o) (_fwalk_sglue)
/home/abarnika/st/stm32cubeide_1.19.0/plugins/com.st.stm32cube.ide.mcu.externaltools.gnu-tools-for-stm32.13.3.rel1.linux64_1.0.0.202410170706/tools/bin/../lib/gcc/arm-none-eabi/13.3.1/../../../../arm-none-eabi/lib/thumb/v7e-m+fp/hard/libc_nano.a(libc_a-snprintf.o)
                              ./Drivers/oled/ssd1306_tests.o (snprintf)
/home/abarnika/st/stm32cubeide_1.19.0/plugins/com.st.stm32cube.ide.mcu.externaltools.gnu-tools-for-stm32.13.3.rel1.linux64_1.0.0.202410170706/tools/bin/../lib/gcc/arm-none-eabi/13.3.1/../../../../arm-none-eabi/lib/thumb/v7e-m+fp/hard/libc_nano.a(libc_a-stdio.o)
                              /home/abarnika/st/stm32cubeide_1.19.0/plugins/com.st.stm32cube.ide.mcu.externaltools.gnu-tools-for-stm32.13.3.rel1.linux64_1.0.0.202410170706/tools/bin/../lib/gcc/arm-none-eabi/13.3.1/../../../../arm-none-eabi/lib/thumb/v7e-m+fp/hard/libc_nano.a(libc_a-findfp.o) (__sread)
/home/abarnika/st/stm32cubeide_1.19.0/plugins/com.st.stm32cube.ide.mcu.externaltools.gnu-tools-for-stm32.13.3.rel1.linux64_1.0.0.202410170706/tools/bin/../lib/gcc/arm-none-eabi/13.3.1/../../../../arm-none-eabi/lib/thumb/v7e-m+fp/hard/libc_nano.a(libc_a-memmove.o)
                              ./Drivers/oled/ssd1306_tests.o (memmove)
/home/abarnika/st/stm32cubeide_1.19.0/plugins/com.st.stm32cube.ide.mcu.externaltools.gnu-tools-for-stm32.13.3.rel1.linux64_1.0.0.202410170706/tools/bin/../lib/gcc/arm-none-eabi/13.3.1/../../../../arm-none-eabi/lib/thumb/v7e-m+fp/hard/libc_nano.a(libc_a-memset.o)
                              /home/abarnika/st/stm32cubeide_1.19.0/plugins/com.st.stm32cube.ide.mcu.externaltools.gnu-tools-for-stm32.13.3.rel1.linux64_1.0.0.202410170706/tools/bin/../lib/gcc/arm-none-eabi/13.3.1/../../../../arm-none-eabi/lib/thumb/v7e-m+fp/hard/crt0.o (memset)
/home/abarnika/st/stm32cubeide_1.19.0/plugins/com.st.stm32cube.ide.mcu.externaltools.gnu-tools-for-stm32.13.3.rel1.linux64_1.0.0.202410170706/tools/bin/../lib/gcc/arm-none-eabi/13.3.1/../../../../arm-none-eabi/lib/thumb/v7e-m+fp/hard/libc_nano.a(libc_a-closer.o)
                              /home/abarnika/st/stm32cubeide_1.19.0/plugins/com.st.stm32cube.ide.mcu.externaltools.gnu-tools-for-stm32.13.3.rel1.linux64_1.0.0.202410170706/tools/bin/../lib/gcc/arm-none-eabi/13.3.1/../../../../arm-none-eabi/lib/thumb/v7e-m+fp/hard/libc_nano.a(libc_a-stdio.o) (_close_r)
/home/abarnika/st/stm32cubeide_1.19.0/plugins/com.st.stm32cube.ide.mcu.externaltools.gnu-tools-for-stm32.13.3.rel1.linux64_1.0.0.202410170706/tools/bin/../lib/gcc/arm-none-eabi/13.3.1/../../../../arm-none-eabi/lib/thumb/v7e-m+fp/hard/libc_nano.a(libc_a-reent.o)
                              /home/abarnika/st/stm32cubeide_1.19.0/plugins/com.st.stm32cube.ide.mcu.externaltools.gnu-tools-for-stm32.13.3.rel1.linux64_1.0.0.202410170706/tools/bin/../lib/gcc/arm-none-eabi/13.3.1/../../../../arm-none-eabi/lib/thumb/v7e-m+fp/hard/libc_nano.a(libc_a-closer.o) (errno)
/home/abarnika/st/stm32cubeide_1.19.0/plugins/com.st.stm32cube.ide.mcu.externaltools.gnu-tools-for-stm32.13.3.rel1.linux64_1.0.0.202410170706/tools/bin/../lib/gcc/arm-none-eabi/13.3.1/../../../../arm-none-eabi/lib/thumb/v7e-m+fp/hard/libc_nano.a(libc_a-impure.o)
[...]
Memory Configuration

Name             Origin             Length             Attributes
RAM              0x20000000         0x00020000         xrw
FLASH            0x08000000         0x00080000         xr
*default*        0x00000000         0xffffffff

Linker script and memory map

LOAD /home/abarnika/st/stm32cubeide_1.19.0/plugins/com.st.stm32cube.ide.mcu.externaltools.gnu-tools-for-stm32.13.3.rel1.linux64_1.0.0.202410170706/tools/bin/../lib/gcc/arm-none-eabi/13.3.1/thumb/v7e-m+fp/hard/crti.o
LOAD /home/abarnika/st/stm32cubeide_1.19.0/plugins/com.st.stm32cube.ide.mcu.externaltools.gnu-tools-for-stm32.13.3.rel1.linux64_1.0.0.202410170706/tools/bin/../lib/gcc/arm-none-eabi/13.3.1/thumb/v7e-m+fp/hard/crtbegin.o
LOAD /home/abarnika/st/stm32cubeide_1.19.0/plugins/com.st.stm32cube.ide.mcu.externaltools.gnu-tools-for-stm32.13.3.rel1.linux64_1.0.0.202410170706/tools/bin/../lib/gcc/arm-none-eabi/13.3.1/../../../../arm-none-eabi/lib/thumb/v7e-m+fp/hard/crt0.o
LOAD ./Core/Src/main.o
LOAD ./Core/Src/stm32f4xx_hal_msp.o
LOAD ./Core/Src/stm32f4xx_it.o
LOAD ./Core/Src/syscalls.o
LOAD ./Core/Src/sysmem.o
LOAD ./Core/Src/system_stm32f4xx.o
LOAD ./Core/Startup/startup_stm32f446retx.o
LOAD ./Drivers/STM32F4xx_HAL_Driver/Src/stm32f4xx_hal.o
LOAD ./Drivers/STM32F4xx_HAL_Driver/Src/stm32f4xx_hal_cortex.o
LOAD ./Drivers/STM32F4xx_HAL_Driver/Src/stm32f4xx_hal_dma.o
LOAD ./Drivers/STM32F4xx_HAL_Driver/Src/stm32f4xx_hal_dma_ex.o
LOAD ./Drivers/STM32F4xx_HAL_Driver/Src/stm32f4xx_hal_exti.o
LOAD ./Drivers/STM32F4xx_HAL_Driver/Src/stm32f4xx_hal_flash.o
LOAD ./Drivers/STM32F4xx_HAL_Driver/Src/stm32f4xx_hal_flash_ex.o
LOAD ./Drivers/STM32F4xx_HAL_Driver/Src/stm32f4xx_hal_flash_ramfunc.o
LOAD ./Drivers/STM32F4xx_HAL_Driver/Src/stm32f4xx_hal_gpio.o
LOAD ./Drivers/STM32F4xx_HAL_Driver/Src/stm32f4xx_hal_i2c.o
LOAD ./Drivers/STM32F4xx_HAL_Driver/Src/stm32f4xx_hal_i2c_ex.o
LOAD ./Drivers/STM32F4xx_HAL_Driver/Src/stm32f4xx_hal_pwr.o
LOAD ./Drivers/STM32F4xx_HAL_Driver/Src/stm32f4xx_hal_pwr_ex.o
LOAD ./Drivers/STM32F4xx_HAL_Driver/Src/stm32f4xx_hal_rcc.o
LOAD ./Drivers/STM32F4xx_HAL_Driver/Src/stm32f4xx_hal_rcc_ex.o
LOAD ./Drivers/oled/ssd1306.o
LOAD ./Drivers/oled/ssd1306_fonts.o
LOAD ./Drivers/oled/ssd1306_tests.o
START GROUP
LOAD /home/abarnika/st/stm32cubeide_1.19.0/plugins/com.st.stm32cube.ide.mcu.externaltools.gnu-tools-for-stm32.13.3.rel1.linux64_1.0.0.202410170706/tools/bin/../lib/gcc/arm-none-eabi/13.3.1/../../../../arm-none-eabi/lib/thumb/v7e-m+fp/hard/libc_nano.a
LOAD /home/abarnika/st/stm32cubeide_1.19.0/plugins/com.st.stm32cube.ide.mcu.externaltools.gnu-tools-for-stm32.13.3.rel1.linux64_1.0.0.202410170706/tools/bin/../lib/gcc/arm-none-eabi/13.3.1/../../../../arm-none-eabi/lib/thumb/v7e-m+fp/hard/libm.a
END GROUP
START GROUP
LOAD /home/abarnika/st/stm32cubeide_1.19.0/plugins/com.st.stm32cube.ide.mcu.externaltools.gnu-tools-for-stm32.13.3.rel1.linux64_1.0.0.202410170706/tools/bin/../lib/gcc/arm-none-eabi/13.3.1/thumb/v7e-m+fp/hard/libgcc.a
LOAD /home/abarnika/st/stm32cubeide_1.19.0/plugins/com.st.stm32cube.ide.mcu.externaltools.gnu-tools-for-stm32.13.3.rel1.linux64_1.0.0.202410170706/tools/bin/../lib/gcc/arm-none-eabi/13.3.1/../../../../arm-none-eabi/lib/thumb/v7e-m+fp/hard/libc_nano.a
END GROUP
START GROUP
LOAD /home/abarnika/st/stm32cubeide_1.19.0/plugins/com.st.stm32cube.ide.mcu.externaltools.gnu-tools-for-stm32.13.3.rel1.linux64_1.0.0.202410170706/tools/bin/../lib/gcc/arm-none-eabi/13.3.1/thumb/v7e-m+fp/hard/libgcc.a
LOAD /home/abarnika/st/stm32cubeide_1.19.0/plugins/com.st.stm32cube.ide.mcu.externaltools.gnu-tools-for-stm32.13.3.rel1.linux64_1.0.0.202410170706/tools/bin/../lib/gcc/arm-none-eabi/13.3.1/../../../../arm-none-eabi/lib/thumb/v7e-m+fp/hard/libc_nano.a
LOAD /home/abarnika/st/stm32cubeide_1.19.0/plugins/com.st.stm32cube.ide.mcu.externaltools.gnu-tools-for-stm32.13.3.rel1.linux64_1.0.0.202410170706/tools/bin/../lib/gcc/arm-none-eabi/13.3.1/../../../../arm-none-eabi/lib/thumb/v7e-m+fp/hard/libnosys.a
END GROUP
START GROUP
LOAD /home/abarnika/st/stm32cubeide_1.19.0/plugins/com.st.stm32cube.ide.mcu.externaltools.gnu-tools-for-stm32.13.3.rel1.linux64_1.0.0.202410170706/tools/bin/../lib/gcc/arm-none-eabi/13.3.1/thumb/v7e-m+fp/hard/libgcc.a
LOAD /home/abarnika/st/stm32cubeide_1.19.0/plugins/com.st.stm32cube.ide.mcu.externaltools.gnu-tools-for-stm32.13.3.rel1.linux64_1.0.0.202410170706/tools/bin/../lib/gcc/arm-none-eabi/13.3.1/../../../../arm-none-eabi/lib/thumb/v7e-m+fp/hard/libc_nano.a
LOAD /home/abarnika/st/stm32cubeide_1.19.0/plugins/com.st.stm32cube.ide.mcu.externaltools.gnu-tools-for-stm32.13.3.rel1.linux64_1.0.0.202410170706/tools/bin/../lib/gcc/arm-none-eabi/13.3.1/../../../../arm-none-eabi/lib/thumb/v7e-m+fp/hard/libnosys.a
END GROUP
LOAD /home/abarnika/st/stm32cubeide_1.19.0/plugins/com.st.stm32cube.ide.mcu.externaltools.gnu-tools-for-stm32.13.3.rel1.linux64_1.0.0.202410170706/tools/bin/../lib/gcc/arm-none-eabi/13.3.1/thumb/v7e-m+fp/hard/crtend.o
LOAD /home/abarnika/st/stm32cubeide_1.19.0/plugins/com.st.stm32cube.ide.mcu.externaltools.gnu-tools-for-stm32.13.3.rel1.linux64_1.0.0.202410170706/tools/bin/../lib/gcc/arm-none-eabi/13.3.1/thumb/v7e-m+fp/hard/crtn.o
                0x20020000                        _estack = (ORIGIN (RAM) + LENGTH (RAM))
                0x00000200                        _Min_Heap_Size = 0x200
                0x00000400                        _Min_Stack_Size = 0x400

.isr_vector     0x08000000      0x1c4
                0x08000000                        . = ALIGN (0x4)
 *(.isr_vector)
 .isr_vector    0x08000000      0x1c4 ./Core/Startup/startup_stm32f446retx.o
                0x08000000                g_pfnVectors
                0x080001c4                        . = ALIGN (0x4)

.text           0x080001c4     0x5b38
                0x080001c4                        . = ALIGN (0x4)
 *(.text)
 .text          0x080001c4       0x40 /home/abarnika/st/stm32cubeide_1.19.0/plugins/com.st.stm32cube.ide.mcu.externaltools.gnu-tools-for-stm32.13.3.rel1.linux64_1.0.0.202410170706/tools/bin/../lib/gcc/arm-none-eabi/13.3.1/thumb/v7e-m+fp/hard/crtbegin.o
 .text          0x08000204       0x30 /home/abarnika/st/stm32cubeide_1.19.0/plugins/com.st.stm32cube.ide.mcu.externaltools.gnu-tools-for-stm32.13.3.rel1.linux64_1.0.0.202410170706/tools/bin/../lib/gcc/arm-none-eabi/13.3.1/thumb/v7e-m+fp/hard/libgcc.a(_aeabi_uldivmod.o)
                0x08000204                __aeabi_uldivmod
 .text          0x08000234      0x2f8 /home/abarnika/st/stm32cubeide_1.19.0/plugins/com.st.stm32cube.ide.mcu.externaltools.gnu-tools-for-stm32.13.3.rel1.linux64_1.0.0.202410170706/tools/bin/../lib/gcc/arm-none-eabi/13.3.1/thumb/v7e-m+fp/hard/libgcc.a(_udivmoddi4.o)
                0x08000234                __udivmoddi4
 .text          0x0800052c        0x4 /home/abarnika/st/stm32cubeide_1.19.0/plugins/com.st.stm32cube.ide.mcu.externaltools.gnu-tools-for-stm32.13.3.rel1.linux64_1.0.0.202410170706/tools/bin/../lib/gcc/arm-none-eabi/13.3.1/thumb/v7e-m+fp/hard/libgcc.a(_dvmd_tls.o)
                0x0800052c                __aeabi_ldiv0
                0x0800052c                __aeabi_idiv0
 *(.text*)
 .text.main     0x08000530       0x1a ./Core/Src/main.o
                0x08000530                main
 *fill*         0x0800054a        0x2 
 .text.SystemClock_Config
                0x0800054c       0xc0 ./Core/Src/main.o
                0x0800054c                SystemClock_Config
 .text.MX_I2C1_Init
                0x0800060c       0x5c ./Core/Src/main.o
 .text.MX_GPIO_Init
                0x08000668       0x6c ./Core/Src/main.o
 .text.Error_Handler
                0x080006d4        0xc ./Core/Src/main.o
                0x080006d4                Error_Handler
 .text.HAL_MspInit
                0x080006e0       0x5c ./Core/Src/stm32f4xx_hal_msp.o
                0x080006e0                HAL_MspInit
 .text.HAL_I2C_MspInit
                0x0800073c       0xb0 ./Core/Src/stm32f4xx_hal_msp.o
                0x0800073c                HAL_I2C_MspInit
 .text.NMI_Handler
                0x080007ec        0x8 ./Core/Src/stm32f4xx_it.o
                0x080007ec                NMI_Handler
 .text.HardFault_Handler
                0x080007f4        0x8 ./Core/Src/stm32f4xx_it.o
                0x080007f4                HardFault_Handler
 .text.MemManage_Handler
                0x080007fc        0x8 ./Core/Src/stm32f4xx_it.o
                0x080007fc                MemManage_Handler
 .text.BusFault_Handler
                0x08000804        0x8 ./Core/Src/stm32f4xx_it.o
                0x08000804                BusFault_Handler
 .text.UsageFault_Handler
                0x0800080c        0x8 ./Core/Src/stm32f4xx_it.o
                0x0800080c                UsageFault_Handler
 .text.SVC_Handler
                0x08000814        0xe ./Core/Src/stm32f4xx_it.o
                0x08000814                SVC_Handler
 .text.DebugMon_Handler
                0x08000822        0xe ./Core/Src/stm32f4xx_it.o
                0x08000822                DebugMon_Handler
 .text.PendSV_Handler
                0x08000830        0xe ./Core/Src/stm32f4xx_it.o
                0x08000830                PendSV_Handler
 .text.SysTick_Handler
                0x0800083e        0xc ./Core/Src/stm32f4xx_it.o
                0x0800083e                SysTick_Handler
 .text.RCC_IRQHandler
                0x0800084a        0xe ./Core/Src/stm32f4xx_it.o
                0x0800084a                RCC_IRQHandler
 .text.I2C1_EV_IRQHandler
                0x08000858       0x14 ./Core/Src/stm32f4xx_it.o
                0x08000858                I2C1_EV_IRQHandler
 .text.I2C1_ER_IRQHandler
                0x0800086c       0x14 ./Core/Src/stm32f4xx_it.o
                0x0800086c                I2C1_ER_IRQHandler
 .text.SystemInit
                0x08000880       0x24 ./Core/Src/system_stm32f4xx.o
                0x08000880                SystemInit
 .text.Reset_Handler
                0x080008a4       0x50 ./Core/Startup/startup_stm32f446retx.o
                0x080008a4                Reset_Handler
 .text.Default_Handler
                0x080008f4        0x2 ./Core/Startup/startup_stm32f446retx.o
                0x080008f4                RTC_Alarm_IRQHandler
                0x080008f4                EXTI2_IRQHandler
                0x080008f4                TIM8_CC_IRQHandler
                0x080008f4                FMPI2C1_EV_IRQHandler
                0x080008f4                SPI4_IRQHandler
                0x080008f4                TIM1_CC_IRQHandler
                0x080008f4                DMA2_Stream5_IRQHandler
                0x080008f4                DMA1_Stream5_IRQHandler
                0x080008f4                PVD_IRQHandler
                0x080008f4                SDIO_IRQHandler
                0x080008f4                TAMP_STAMP_IRQHandler
                0x080008f4                CAN2_RX1_IRQHandler
                0x080008f4                EXTI3_IRQHandler
                0x080008f4                TIM8_TRG_COM_TIM14_IRQHandler
                0x080008f4                TIM1_UP_TIM10_IRQHandler
                0x080008f4                TIM8_UP_TIM13_IRQHandler
                0x080008f4                I2C3_ER_IRQHandler
                0x080008f4                EXTI0_IRQHandler
                0x080008f4                I2C2_EV_IRQHandler
                0x080008f4                DMA1_Stream2_IRQHandler
                0x080008f4                CAN1_RX0_IRQHandler
                0x080008f4                FPU_IRQHandler
                0x080008f4                OTG_HS_WKUP_IRQHandler
                0x080008f4                CAN2_SCE_IRQHandler
                0x080008f4                DMA2_Stream2_IRQHandler
                0x080008f4                SPI1_IRQHandler
                0x080008f4                TIM6_DAC_IRQHandler
                0x080008f4                TIM1_BRK_TIM9_IRQHandler
                0x080008f4                DCMI_IRQHandler
                0x080008f4                CAN2_RX0_IRQHandler
                0x080008f4                DMA2_Stream3_IRQHandler
                0x080008f4                SAI2_IRQHandler
                0x080008f4                USART6_IRQHandler
                0x080008f4                USART3_IRQHandler
                0x080008f4                CAN1_RX1_IRQHandler
                0x080008f4                UART5_IRQHandler
                0x080008f4                DMA2_Stream0_IRQHandler
                0x080008f4                TIM4_IRQHandler
                0x080008f4                QUADSPI_IRQHandler
                0x080008f4                DMA1_Stream6_IRQHandler
                0x080008f4                DMA1_Stream1_IRQHandler
                0x080008f4                UART4_IRQHandler
                0x080008f4                TIM3_IRQHandler
                0x080008f4                TIM8_BRK_TIM12_IRQHandler
                0x080008f4                Default_Handler
                0x080008f4                CEC_IRQHandler
                0x080008f4                EXTI15_10_IRQHandler
                0x080008f4                ADC_IRQHandler
                0x080008f4                DMA1_Stream7_IRQHandler
                0x080008f4                TIM7_IRQHandler
                0x080008f4                CAN2_TX_IRQHandler
                0x080008f4                TIM5_IRQHandler
                0x080008f4                DMA2_Stream7_IRQHandler
                0x080008f4                I2C3_EV_IRQHandler
                0x080008f4                EXTI9_5_IRQHandler
                0x080008f4                RTC_WKUP_IRQHandler
                0x080008f4                SPDIF_RX_IRQHandler
                0x080008f4                SPI2_IRQHandler
                0x080008f4                OTG_HS_EP1_IN_IRQHandler
                0x080008f4                DMA1_Stream0_IRQHandler
                0x080008f4                CAN1_TX_IRQHandler
                0x080008f4                FMPI2C1_ER_IRQHandler
                0x080008f4                EXTI4_IRQHandler
                0x080008f4                OTG_HS_EP1_OUT_IRQHandler
                0x080008f4                WWDG_IRQHandler
                0x080008f4                TIM2_IRQHandler
                0x080008f4                OTG_FS_WKUP_IRQHandler
                0x080008f4                TIM1_TRG_COM_TIM11_IRQHandler
                0x080008f4                OTG_HS_IRQHandler
                0x080008f4                EXTI1_IRQHandler
                0x080008f4                USART2_IRQHandler
                0x080008f4                I2C2_ER_IRQHandler
                0x080008f4                DMA2_Stream1_IRQHandler
                0x080008f4                CAN1_SCE_IRQHandler
                0x080008f4                FLASH_IRQHandler
                0x080008f4                DMA2_Stream4_IRQHandler
                0x080008f4                USART1_IRQHandler
                0x080008f4                OTG_FS_IRQHandler
                0x080008f4                SPI3_IRQHandler
                0x080008f4                DMA1_Stream4_IRQHandler
                0x080008f4                FMC_IRQHandler
                0x080008f4                DMA2_Stream6_IRQHandler
                0x080008f4                SAI1_IRQHandler
                0x080008f4                DMA1_Stream3_IRQHandler
 *fill*         0x080008f6        0x2 
 .text.HAL_Init
                0x080008f8       0x44 ./Drivers/STM32F4xx_HAL_Driver/Src/stm32f4xx_hal.o
                0x080008f8                HAL_Init
 .text.HAL_InitTick
                0x0800093c       0x60 ./Drivers/STM32F4xx_HAL_Driver/Src/stm32f4xx_hal.o
                0x0800093c                HAL_InitTick
 .text.HAL_IncTick
                0x0800099c       0x28 ./Drivers/STM32F4xx_HAL_Driver/Src/stm32f4xx_hal.o
                0x0800099c                HAL_IncTick
 .text.HAL_GetTick
                0x080009c4       0x18 ./Drivers/STM32F4xx_HAL_Driver/Src/stm32f4xx_hal.o
                0x080009c4                HAL_GetTick
 .text.HAL_Delay
                0x080009dc       0x48 ./Drivers/STM32F4xx_HAL_Driver/Src/stm32f4xx_hal.o
                0x080009dc                HAL_Delay
 .text.__NVIC_SetPriorityGrouping
                0x08000a24       0x48 ./Drivers/STM32F4xx_HAL_Driver/Src/stm32f4xx_hal_cortex.o
 .text.__NVIC_GetPriorityGrouping
                0x08000a6c       0x1c ./Drivers/STM32F4xx_HAL_Driver/Src/stm32f4xx_hal_cortex.o
 .text.__NVIC_EnableIRQ
                0x08000a88       0x3c ./Drivers/STM32F4xx_HAL_Driver/Src/stm32f4xx_hal_cortex.o
 .text.__NVIC_SetPriority
                0x08000ac4       0x54 ./Drivers/STM32F4xx_HAL_Driver/Src/stm32f4xx_hal_cortex.o
 .text.NVIC_EncodePriority
                0x08000b18       0x66 ./Drivers/STM32F4xx_HAL_Driver/Src/stm32f4xx_hal_cortex.o
 *fill*         0x08000b7e        0x2 
 .text.SysTick_Config
                0x08000b80       0x44 ./Drivers/STM32F4xx_HAL_Driver/Src/stm32f4xx_hal_cortex.o
 .text.HAL_NVIC_SetPriorityGrouping
                0x08000bc4       0x16 ./Drivers/STM32F4xx_HAL_Driver/Src/stm32f4xx_hal_cortex.o
                0x08000bc4                HAL_NVIC_SetPriorityGrouping
 .text.HAL_NVIC_SetPriority
                0x08000bda       0x38 ./Drivers/STM32F4xx_HAL_Driver/Src/stm32f4xx_hal_cortex.o
                0x08000bda                HAL_NVIC_SetPriority
 .text.HAL_NVIC_EnableIRQ
                0x08000c12       0x1c ./Drivers/STM32F4xx_HAL_Driver/Src/stm32f4xx_hal_cortex.o
                0x08000c12                HAL_NVIC_EnableIRQ
 .text.HAL_SYSTICK_Config
                0x08000c2e       0x18 ./Drivers/STM32F4xx_HAL_Driver/Src/stm32f4xx_hal_cortex.o
                0x08000c2e                HAL_SYSTICK_Config
 .text.HAL_DMA_Abort_IT
                0x08000c46       0x44 ./Drivers/STM32F4xx_HAL_Driver/Src/stm32f4xx_hal_dma.o
                0x08000c46                HAL_DMA_Abort_IT
 .text.HAL_DMA_GetState
                0x08000c8a       0x1c ./Drivers/STM32F4xx_HAL_Driver/Src/stm32f4xx_hal_dma.o
                0x08000c8a                HAL_DMA_GetState
 *fill*         0x08000ca6        0x2 
 .text.HAL_GPIO_Init
                0x08000ca8      0x328 ./Drivers/STM32F4xx_HAL_Driver/Src/stm32f4xx_hal_gpio.o
                0x08000ca8                HAL_GPIO_Init
 .text.HAL_I2C_Init
                0x08000fd0      0x288 ./Drivers/STM32F4xx_HAL_Driver/Src/stm32f4xx_hal_i2c.o
                0x08000fd0                HAL_I2C_Init
 .text.I2C_Flush_DR
                0x08001258       0x2a ./Drivers/STM32F4xx_HAL_Driver/Src/stm32f4xx_hal_i2c.o
 *fill*         0x08001282        0x2 
 .text.HAL_I2C_Mem_Write
                0x08001284      0x1f4 ./Drivers/STM32F4xx_HAL_Driver/Src/stm32f4xx_hal_i2c.o
                0x08001284                HAL_I2C_Mem_Write
 .text.HAL_I2C_EV_IRQHandler
                0x08001478      0x2e2 ./Drivers/STM32F4xx_HAL_Driver/Src/stm32f4xx_hal_i2c.o
                0x08001478                HAL_I2C_EV_IRQHandler
 .text.HAL_I2C_ER_IRQHandler
                0x0800175a      0x14e ./Drivers/STM32F4xx_HAL_Driver/Src/stm32f4xx_hal_i2c.o
                0x0800175a                HAL_I2C_ER_IRQHandler
 .text.HAL_I2C_MasterTxCpltCallback
                0x080018a8       0x14 ./Drivers/STM32F4xx_HAL_Driver/Src/stm32f4xx_hal_i2c.o
                0x080018a8                HAL_I2C_MasterTxCpltCallback
 .text.HAL_I2C_MasterRxCpltCallback
                0x080018bc       0x14 ./Drivers/STM32F4xx_HAL_Driver/Src/stm32f4xx_hal_i2c.o
                0x080018bc                HAL_I2C_MasterRxCpltCallback
 .text.HAL_I2C_SlaveTxCpltCallback
                0x080018d0       0x14 ./Drivers/STM32F4xx_HAL_Driver/Src/stm32f4xx_hal_i2c.o
                0x080018d0                HAL_I2C_SlaveTxCpltCallback
 .text.HAL_I2C_SlaveRxCpltCallback
                0x080018e4       0x14 ./Drivers/STM32F4xx_HAL_Driver/Src/stm32f4xx_hal_i2c.o
                0x080018e4                HAL_I2C_SlaveRxCpltCallback
 .text.HAL_I2C_AddrCallback
                0x080018f8       0x1c ./Drivers/STM32F4xx_HAL_Driver/Src/stm32f4xx_hal_i2c.o
                0x080018f8                HAL_I2C_AddrCallback
 .text.HAL_I2C_ListenCpltCallback
                0x08001914       0x14 ./Drivers/STM32F4xx_HAL_Driver/Src/stm32f4xx_hal_i2c.o
                0x08001914                HAL_I2C_ListenCpltCallback
 .text.HAL_I2C_MemTxCpltCallback
                0x08001928       0x14 ./Drivers/STM32F4xx_HAL_Driver/Src/stm32f4xx_hal_i2c.o
                0x08001928                HAL_I2C_MemTxCpltCallback
 .text.HAL_I2C_MemRxCpltCallback
                0x0800193c       0x14 ./Drivers/STM32F4xx_HAL_Driver/Src/stm32f4xx_hal_i2c.o
                0x0800193c                HAL_I2C_MemRxCpltCallback
 .text.HAL_I2C_ErrorCallback
                0x08001950       0x14 ./Drivers/STM32F4xx_HAL_Driver/Src/stm32f4xx_hal_i2c.o
                0x08001950                HAL_I2C_ErrorCallback
 .text.HAL_I2C_AbortCpltCallback
                0x08001964       0x14 ./Drivers/STM32F4xx_HAL_Driver/Src/stm32f4xx_hal_i2c.o
                0x08001964                HAL_I2C_AbortCpltCallback
 .text.I2C_MasterTransmit_TXE
                0x08001978      0x138 ./Drivers/STM32F4xx_HAL_Driver/Src/stm32f4xx_hal_i2c.o
 .text.I2C_MasterTransmit_BTF
                0x08001ab0       0xec ./Drivers/STM32F4xx_HAL_Driver/Src/stm32f4xx_hal_i2c.o
 .text.I2C_MemoryTransmit_TXE_BTF
                0x08001b9c      0x130 ./Drivers/STM32F4xx_HAL_Driver/Src/stm32f4xx_hal_i2c.o
 .text.I2C_MasterReceive_RXNE
                0x08001ccc      0x190 ./Drivers/STM32F4xx_HAL_Driver/Src/stm32f4xx_hal_i2c.o
 .text.I2C_MasterReceive_BTF
                0x08001e5c      0x1e2 ./Drivers/STM32F4xx_HAL_Driver/Src/stm32f4xx_hal_i2c.o
 .text.I2C_Master_SB
                0x0800203e      0x10c ./Drivers/STM32F4xx_HAL_Driver/Src/stm32f4xx_hal_i2c.o
 .text.I2C_Master_ADD10
                0x0800214a       0x54 ./Drivers/STM32F4xx_HAL_Driver/Src/stm32f4xx_hal_i2c.o
 .text.I2C_Master_ADDR
                0x0800219e      0x322 ./Drivers/STM32F4xx_HAL_Driver/Src/stm32f4xx_hal_i2c.o
 .text.I2C_SlaveTransmit_TXE
                0x080024c0       0x7a ./Drivers/STM32F4xx_HAL_Driver/Src/stm32f4xx_hal_i2c.o
 .text.I2C_SlaveTransmit_BTF
                0x0800253a       0x42 ./Drivers/STM32F4xx_HAL_Driver/Src/stm32f4xx_hal_i2c.o
 .text.I2C_SlaveReceive_RXNE
                0x0800257c       0x7c ./Drivers/STM32F4xx_HAL_Driver/Src/stm32f4xx_hal_i2c.o
 .text.I2C_SlaveReceive_BTF
                0x080025f8       0x44 ./Drivers/STM32F4xx_HAL_Driver/Src/stm32f4xx_hal_i2c.o
 .text.I2C_Slave_ADDR
                0x0800263c       0x94 ./Drivers/STM32F4xx_HAL_Driver/Src/stm32f4xx_hal_i2c.o
 .text.I2C_Slave_STOPF
                0x080026d0      0x260 ./Drivers/STM32F4xx_HAL_Driver/Src/stm32f4xx_hal_i2c.o
 .text.I2C_Slave_AF
                0x08002930       0xe8 ./Drivers/STM32F4xx_HAL_Driver/Src/stm32f4xx_hal_i2c.o
 .text.I2C_ITError
                0x08002a18      0x264 ./Drivers/STM32F4xx_HAL_Driver/Src/stm32f4xx_hal_i2c.o
 .text.I2C_RequestMemoryWrite
                0x08002c7c      0x12c ./Drivers/STM32F4xx_HAL_Driver/Src/stm32f4xx_hal_i2c.o
 .text.I2C_DMAAbort
                0x08002da8      0x150 ./Drivers/STM32F4xx_HAL_Driver/Src/stm32f4xx_hal_i2c.o
 .text.I2C_WaitOnFlagUntilTimeout
                0x08002ef8       0xf4 ./Drivers/STM32F4xx_HAL_Driver/Src/stm32f4xx_hal_i2c.o
 .text.I2C_WaitOnMasterAddressFlagUntilTimeout
                0x08002fec      0x140 ./Drivers/STM32F4xx_HAL_Driver/Src/stm32f4xx_hal_i2c.o
 .text.I2C_WaitOnTXEFlagUntilTimeout
                0x0800312c       0x90 ./Drivers/STM32F4xx_HAL_Driver/Src/stm32f4xx_hal_i2c.o
 .text.I2C_WaitOnBTFFlagUntilTimeout
                0x080031bc       0x90 ./Drivers/STM32F4xx_HAL_Driver/Src/stm32f4xx_hal_i2c.o
 .text.I2C_WaitOnSTOPRequestThroughIT
                0x0800324c       0x64 ./Drivers/STM32F4xx_HAL_Driver/Src/stm32f4xx_hal_i2c.o
 .text.I2C_IsAcknowledgeFailed
                0x080032b0       0x5e ./Drivers/STM32F4xx_HAL_Driver/Src/stm32f4xx_hal_i2c.o
 .text.I2C_ConvertOtherXferOptions
                0x0800330e       0x36 ./Drivers/STM32F4xx_HAL_Driver/Src/stm32f4xx_hal_i2c.o
 .text.HAL_RCC_ClockConfig
                0x08003344      0x1cc ./Drivers/STM32F4xx_HAL_Driver/Src/stm32f4xx_hal_rcc.o
                0x08003344                HAL_RCC_ClockConfig
 .text.HAL_RCC_GetHCLKFreq
                0x08003510       0x18 ./Drivers/STM32F4xx_HAL_Driver/Src/stm32f4xx_hal_rcc.o
                0x08003510                HAL_RCC_GetHCLKFreq
 .text.HAL_RCC_GetPCLK1Freq
                0x08003528       0x28 ./Drivers/STM32F4xx_HAL_Driver/Src/stm32f4xx_hal_rcc.o
                0x08003528                HAL_RCC_GetPCLK1Freq
 .text.HAL_RCC_GetSysClockFreq
                0x08003550      0x354 ./Drivers/STM32F4xx_HAL_Driver/Src/stm32f4xx_hal_rcc_ex.o
                0x08003550                HAL_RCC_GetSysClockFreq
 .text.HAL_RCC_OscConfig
                0x080038a4      0x53c ./Drivers/STM32F4xx_HAL_Driver/Src/stm32f4xx_hal_rcc_ex.o
                0x080038a4                HAL_RCC_OscConfig
 .text.ssd1306_Reset
                0x08003de0        0xe ./Drivers/oled/ssd1306.o
                0x08003de0                ssd1306_Reset
 *fill*         0x08003dee        0x2 
 .text.ssd1306_WriteCommand
                0x08003df0       0x30 ./Drivers/oled/ssd1306.o
                0x08003df0                ssd1306_WriteCommand
 .text.ssd1306_WriteData
                0x08003e20       0x34 ./Drivers/oled/ssd1306.o
                0x08003e20                ssd1306_WriteData
 .text.ssd1306_Init
                0x08003e54       0xd4 ./Drivers/oled/ssd1306.o
                0x08003e54                ssd1306_Init
 .text.ssd1306_Fill
                0x08003f28       0x30 ./Drivers/oled/ssd1306.o
                0x08003f28                ssd1306_Fill
 .text.ssd1306_UpdateScreen
                0x08003f58       0x50 ./Drivers/oled/ssd1306.o
                0x08003f58                ssd1306_UpdateScreen
 .text.ssd1306_DrawPixel
                0x08003fa8       0xa8 ./Drivers/oled/ssd1306.o
                0x08003fa8                ssd1306_DrawPixel
 .text.ssd1306_WriteChar
                0x08004050      0x124 ./Drivers/oled/ssd1306.o
                0x08004050                ssd1306_WriteChar
 .text.ssd1306_WriteString
                0x08004174       0x4c ./Drivers/oled/ssd1306.o
                0x08004174                ssd1306_WriteString
 .text.ssd1306_SetCursor
                0x080041c0       0x30 ./Drivers/oled/ssd1306.o
                0x080041c0                ssd1306_SetCursor
 .text.ssd1306_Line
                0x080041f0       0xd8 ./Drivers/oled/ssd1306.o
                0x080041f0                ssd1306_Line
 .text.ssd1306_Polyline
                0x080042c8       0x74 ./Drivers/oled/ssd1306.o
                0x080042c8                ssd1306_Polyline
 .text.ssd1306_DegToRad
                0x0800433c       0x28 ./Drivers/oled/ssd1306.o
 .text.ssd1306_NormalizeTo0_360
                0x08004364       0x54 ./Drivers/oled/ssd1306.o
 .text.ssd1306_DrawArc
                0x080043b8      0x1d0 ./Drivers/oled/ssd1306.o
                0x080043b8                ssd1306_DrawArc
 .text.ssd1306_DrawArcWithRadiusLine
                0x08004588      0x280 ./Drivers/oled/ssd1306.o
                0x08004588                ssd1306_DrawArcWithRadiusLine
 .text.ssd1306_DrawCircle
                0x08004808      0x10e ./Drivers/oled/ssd1306.o
                0x08004808                ssd1306_DrawCircle
 .text.ssd1306_FillCircle
                0x08004916       0xe6 ./Drivers/oled/ssd1306.o
                0x08004916                ssd1306_FillCircle
 .text.ssd1306_DrawRectangle
                0x080049fc       0x6e ./Drivers/oled/ssd1306.o
                0x080049fc                ssd1306_DrawRectangle
 .text.ssd1306_FillRectangle
                0x08004a6a       0x9c ./Drivers/oled/ssd1306.o
                0x08004a6a                ssd1306_FillRectangle
 *fill*         0x08004b06        0x2 
 .text.ssd1306_InvertRectangle
                0x08004b08      0x178 ./Drivers/oled/ssd1306.o
                0x08004b08                ssd1306_InvertRectangle
 .text.ssd1306_DrawBitmap
                0x08004c80       0xb6 ./Drivers/oled/ssd1306.o
                0x08004c80                ssd1306_DrawBitmap
 .text.ssd1306_SetContrast
                0x08004d36       0x26 ./Drivers/oled/ssd1306.o
                0x08004d36                ssd1306_SetContrast
 .text.ssd1306_SetDisplayOn
                0x08004d5c       0x3c ./Drivers/oled/ssd1306.o
                0x08004d5c                ssd1306_SetDisplayOn
 .text.ssd1306_TestFonts2
                0x08004d98       0x74 ./Drivers/oled/ssd1306_tests.o
                0x08004d98                ssd1306_TestFonts2
 .text.ssd1306_TestLine
                0x08004e0c       0x30 ./Drivers/oled/ssd1306_tests.o
                0x08004e0c                ssd1306_TestLine
 .text.ssd1306_TestRectangle
                0x08004e3c       0x70 ./Drivers/oled/ssd1306_tests.o
                0x08004e3c                ssd1306_TestRectangle
 .text.ssd1306_TestRectangleFill
                0x08004eac       0x50 ./Drivers/oled/ssd1306_tests.o
                0x08004eac                ssd1306_TestRectangleFill
 .text.ssd1306_TestRectangleInvert
                0x08004efc       0xbc ./Drivers/oled/ssd1306_tests.o
                0x08004efc                ssd1306_TestRectangleInvert
 .text.ssd1306_TestCircle
                0x08004fb8       0x70 ./Drivers/oled/ssd1306_tests.o
                0x08004fb8                ssd1306_TestCircle
 .text.ssd1306_TestArc
                0x08005028       0x3c ./Drivers/oled/ssd1306_tests.o
                0x08005028                ssd1306_TestArc
 .text.ssd1306_TestPolyline
                0x08005064       0x2c ./Drivers/oled/ssd1306_tests.o
                0x08005064                ssd1306_TestPolyline
 .text.ssd1306_TestDrawBitmap
                0x08005090       0x80 ./Drivers/oled/ssd1306_tests.o
                0x08005090                ssd1306_TestDrawBitmap
 .text.ssd1306_TestAll
                0x08005110       0x94 ./Drivers/oled/ssd1306_tests.o
                0x08005110                ssd1306_TestAll
 .text.memset   0x080051a4       0x10 /home/abarnika/st/stm32cubeide_1.19.0/plugins/com.st.stm32cube.ide.mcu.externaltools.gnu-tools-for-stm32.13.3.rel1.linux64_1.0.0.202410170706/tools/bin/../lib/gcc/arm-none-eabi/13.3.1/../../../../arm-none-eabi/lib/thumb/v7e-m+fp/hard/libc_nano.a(libc_a-memset.o)
                0x080051a4                memset
 .text.__libc_init_array
                0x080051b4       0x48 /home/abarnika/st/stm32cubeide_1.19.0/plugins/com.st.stm32cube.ide.mcu.externaltools.gnu-tools-for-stm32.13.3.rel1.linux64_1.0.0.202410170706/tools/bin/../lib/gcc/arm-none-eabi/13.3.1/../../../../arm-none-eabi/lib/thumb/v7e-m+fp/hard/libc_nano.a(libc_a-init.o)
                0x080051b4                __libc_init_array
 .text.cosf     0x080051fc       0x88 /home/abarnika/st/stm32cubeide_1.19.0/plugins/com.st.stm32cube.ide.mcu.externaltools.gnu-tools-for-stm32.13.3.rel1.linux64_1.0.0.202410170706/tools/bin/../lib/gcc/arm-none-eabi/13.3.1/../../../../arm-none-eabi/lib/thumb/v7e-m+fp/hard/libm.a(libm_a-sf_cos.o)
                0x080051fc                cosf
 .text.sinf     0x08005284       0x8c /home/abarnika/st/stm32cubeide_1.19.0/plugins/com.st.stm32cube.ide.mcu.externaltools.gnu-tools-for-stm32.13.3.rel1.linux64_1.0.0.202410170706/tools/bin/../lib/gcc/arm-none-eabi/13.3.1/../../../../arm-none-eabi/lib/thumb/v7e-m+fp/hard/libm.a(libm_a-sf_sin.o)
                0x08005284                sinf
 .text.__kernel_cosf
                0x08005310       0xb0 /home/abarnika/st/stm32cubeide_1.19.0/plugins/com.st.stm32cube.ide.mcu.externaltools.gnu-tools-for-stm32.13.3.rel1.linux64_1.0.0.202410170706/tools/bin/../lib/gcc/arm-none-eabi/13.3.1/../../../../arm-none-eabi/lib/thumb/v7e-m+fp/hard/libm.a(libm_a-kf_cos.o)
                0x08005310                __kernel_cosf
 .text.__kernel_sinf
                0x080053c0       0x90 /home/abarnika/st/stm32cubeide_1.19.0/plugins/com.st.stm32cube.ide.mcu.externaltools.gnu-tools-for-stm32.13.3.rel1.linux64_1.0.0.202410170706/tools/bin/../lib/gcc/arm-none-eabi/13.3.1/../../../../arm-none-eabi/lib/thumb/v7e-m+fp/hard/libm.a(libm_a-kf_sin.o)
                0x080053c0                __kernel_sinf
 .text.__ieee754_rem_pio2f
                0x08005450      0x260 /home/abarnika/st/stm32cubeide_1.19.0/plugins/com.st.stm32cube.ide.mcu.externaltools.gnu-tools-for-stm32.13.3.rel1.linux64_1.0.0.202410170706/tools/bin/../lib/gcc/arm-none-eabi/13.3.1/../../../../arm-none-eabi/lib/thumb/v7e-m+fp/hard/libm.a(libm_a-ef_rem_pio2.o)
                0x08005450                __ieee754_rem_pio2f
 .text.fabsf    0x080056b0        0xe /home/abarnika/st/stm32cubeide_1.19.0/plugins/com.st.stm32cube.ide.mcu.externaltools.gnu-tools-for-stm32.13.3.rel1.linux64_1.0.0.202410170706/tools/bin/../lib/gcc/arm-none-eabi/13.3.1/../../../../arm-none-eabi/lib/thumb/v7e-m+fp/hard/libm.a(libm_a-sf_fabs.o)
                0x080056b0                fabsf
 *fill*         0x080056be        0x2 
 .text.__kernel_rem_pio2f
                0x080056c0      0x4d0 /home/abarnika/st/stm32cubeide_1.19.0/plugins/com.st.stm32cube.ide.mcu.externaltools.gnu-tools-for-stm32.13.3.rel1.linux64_1.0.0.202410170706/tools/bin/../lib/gcc/arm-none-eabi/13.3.1/../../../../arm-none-eabi/lib/thumb/v7e-m+fp/hard/libm.a(libm_a-kf_rem_pio2.o)
                0x080056c0                __kernel_rem_pio2f
 .text.scalbnf  0x08005b90       0xcc /home/abarnika/st/stm32cubeide_1.19.0/plugins/com.st.stm32cube.ide.mcu.externaltools.gnu-tools-for-stm32.13.3.rel1.linux64_1.0.0.202410170706/tools/bin/../lib/gcc/arm-none-eabi/13.3.1/../../../../arm-none-eabi/lib/thumb/v7e-m+fp/hard/libm.a(libm_a-sf_scalbn.o)
                0x08005b90                scalbnf
 .text.floorf   0x08005c5c       0x88 /home/abarnika/st/stm32cubeide_1.19.0/plugins/com.st.stm32cube.ide.mcu.externaltools.gnu-tools-for-stm32.13.3.rel1.linux64_1.0.0.202410170706/tools/bin/../lib/gcc/arm-none-eabi/13.3.1/../../../../arm-none-eabi/lib/thumb/v7e-m+fp/hard/libm.a(libm_a-sf_floor.o)
                0x08005c5c                floorf
 *(.glue_7)
 .glue_7        0x08005ce4        0x0 linker stubs
 *(.glue_7t)
 .glue_7t       0x08005ce4        0x0 linker stubs
 *(.eh_frame)
 .eh_frame      0x08005ce4        0x0 /home/abarnika/st/stm32cubeide_1.19.0/plugins/com.st.stm32cube.ide.mcu.externaltools.gnu-tools-for-stm32.13.3.rel1.linux64_1.0.0.202410170706/tools/bin/../lib/gcc/arm-none-eabi/13.3.1/thumb/v7e-m+fp/hard/crtbegin.o
 *(.init)
 .init          0x08005ce4        0x4 /home/abarnika/st/stm32cubeide_1.19.0/plugins/com.st.stm32cube.ide.mcu.externaltools.gnu-tools-for-stm32.13.3.rel1.linux64_1.0.0.202410170706/tools/bin/../lib/gcc/arm-none-eabi/13.3.1/thumb/v7e-m+fp/hard/crti.o
                0x08005ce4                _init
 .init          0x08005ce8        0x8 /home/abarnika/st/stm32cubeide_1.19.0/plugins/com.st.stm32cube.ide.mcu.externaltools.gnu-tools-for-stm32.13.3.rel1.linux64_1.0.0.202410170706/tools/bin/../lib/gcc/arm-none-eabi/13.3.1/thumb/v7e-m+fp/hard/crtn.o
 *(.fini)
 .fini          0x08005cf0        0x4 /home/abarnika/st/stm32cubeide_1.19.0/plugins/com.st.stm32cube.ide.mcu.externaltools.gnu-tools-for-stm32.13.3.rel1.linux64_1.0.0.202410170706/tools/bin/../lib/gcc/arm-none-eabi/13.3.1/thumb/v7e-m+fp/hard/crti.o
                0x08005cf0                _fini
 .fini          0x08005cf4        0x8 /home/abarnika/st/stm32cubeide_1.19.0/plugins/com.st.stm32cube.ide.mcu.externaltools.gnu-tools-for-stm32.13.3.rel1.linux64_1.0.0.202410170706/tools/bin/../lib/gcc/arm-none-eabi/13.3.1/thumb/v7e-m+fp/hard/crtn.o
                0x08005cfc                        . = ALIGN (0x4)
                0x08005cfc                        _etext = .

.vfp11_veneer   0x08005cfc        0x0
 .vfp11_veneer  0x08005cfc        0x0 linker stubs

.v4_bx          0x08005cfc        0x0
 .v4_bx         0x08005cfc        0x0 linker stubs

.iplt           0x08005cfc        0x0
 .iplt          0x08005cfc        0x0 /home/abarnika/st/stm32cubeide_1.19.0/plugins/com.st.stm32cube.ide.mcu.externaltools.gnu-tools-for-stm32.13.3.rel1.linux64_1.0.0.202410170706/tools/bin/../lib/gcc/arm-none-eabi/13.3.1/thumb/v7e-m+fp/hard/crtbegin.o

.rodata         0x08005cfc     0x29f8
                0x08005cfc                        . = ALIGN (0x4)
 *(.rodata)
 .rodata        0x08005cfc       0xc6 ./Drivers/oled/ssd1306_tests.o
 *(.rodata*)
 *fill*         0x08005dc2        0x2 
 .rodata.AHBPrescTable
                0x08005dc4       0x10 ./Core/Src/system_stm32f4xx.o
                0x08005dc4                AHBPrescTable
 .rodata.APBPrescTable
                0x08005dd4        0x8 ./Core/Src/system_stm32f4xx.o
                0x08005dd4                APBPrescTable
 .rodata.CIRCLE_APPROXIMATION_SEGMENTS.0
                0x08005ddc        0x1 ./Drivers/oled/ssd1306.o
 *fill*         0x08005ddd        0x3 
 .rodata.Font11x18
                0x08005de0      0xd5c ./Drivers/oled/ssd1306_fonts.o
 .rodata.Font16x24
                0x08006b3c     0x11d0 ./Drivers/oled/ssd1306_fonts.o
 .rodata.Font_11x18
                0x08007d0c        0xc ./Drivers/oled/ssd1306_fonts.o
                0x08007d0c                Font_11x18
 .rodata.Font_16x24
                0x08007d18        0xc ./Drivers/oled/ssd1306_fonts.o
                0x08007d18                Font_16x24
 .rodata.garfield_128x64
                0x08007d24      0x400 ./Drivers/oled/ssd1306_tests.o
                0x08007d24                garfield_128x64
 .rodata.github_logo_64x64
                0x08008124      0x200 ./Drivers/oled/ssd1306_tests.o
                0x08008124                github_logo_64x64
 .rodata.npio2_hw
                0x08008324       0x80 /home/abarnika/st/stm32cubeide_1.19.0/plugins/com.st.stm32cube.ide.mcu.externaltools.gnu-tools-for-stm32.13.3.rel1.linux64_1.0.0.202410170706/tools/bin/../lib/gcc/arm-none-eabi/13.3.1/../../../../arm-none-eabi/lib/thumb/v7e-m+fp/hard/libm.a(libm_a-ef_rem_pio2.o)
 .rodata.two_over_pi
                0x080083a4      0x318 /home/abarnika/st/stm32cubeide_1.19.0/plugins/com.st.stm32cube.ide.mcu.externaltools.gnu-tools-for-stm32.13.3.rel1.linux64_1.0.0.202410170706/tools/bin/../lib/gcc/arm-none-eabi/13.3.1/../../../../arm-none-eabi/lib/thumb/v7e-m+fp/hard/libm.a(libm_a-ef_rem_pio2.o)
 .rodata.PIo2   0x080086bc       0x2c /home/abarnika/st/stm32cubeide_1.19.0/plugins/com.st.stm32cube.ide.mcu.externaltools.gnu-tools-for-stm32.13.3.rel1.linux64_1.0.0.202410170706/tools/bin/../lib/gcc/arm-none-eabi/13.3.1/../../../../arm-none-eabi/lib/thumb/v7e-m+fp/hard/libm.a(libm_a-kf_rem_pio2.o)
 .rodata.init_jk
                0x080086e8        0xc /home/abarnika/st/stm32cubeide_1.19.0/plugins/com.st.stm32cube.ide.mcu.externaltools.gnu-tools-for-stm32.13.3.rel1.linux64_1.0.0.202410170706/tools/bin/../lib/gcc/arm-none-eabi/13.3.1/../../../../arm-none-eabi/lib/thumb/v7e-m+fp/hard/libm.a(libm_a-kf_rem_pio2.o)
                0x080086f4                        . = ALIGN (0x4)

.ARM.extab      0x080086f4        0x0
                0x080086f4                        . = ALIGN (0x4)
 *(.ARM.extab* .gnu.linkonce.armextab.*)
                0x080086f4                        . = ALIGN (0x4)

.ARM            0x080086f4        0x8
                0x080086f4                        . = ALIGN (0x4)
                0x080086f4                        __exidx_start = .
 *(.ARM.exidx*)
 .ARM.exidx     0x080086f4        0x8 /home/abarnika/st/stm32cubeide_1.19.0/plugins/com.st.stm32cube.ide.mcu.externaltools.gnu-tools-for-stm32.13.3.rel1.linux64_1.0.0.202410170706/tools/bin/../lib/gcc/arm-none-eabi/13.3.1/thumb/v7e-m+fp/hard/libgcc.a(_udivmoddi4.o)
                0x080086fc                        __exidx_end = .
                0x080086fc                        . = ALIGN (0x4)

.preinit_array  0x080086fc        0x0
                0x080086fc                        . = ALIGN (0x4)
                0x080086fc                        PROVIDE (__preinit_array_start = .)
 *(.preinit_array*)
                0x080086fc                        PROVIDE (__preinit_array_end = .)
                0x080086fc                        . = ALIGN (0x4)

.init_array     0x080086fc        0x4
                0x080086fc                        . = ALIGN (0x4)
                0x080086fc                        PROVIDE (__init_array_start = .)
 *(SORT_BY_NAME(.init_array.*))
 *(.init_array*)
 .init_array    0x080086fc        0x4 /home/abarnika/st/stm32cubeide_1.19.0/plugins/com.st.stm32cube.ide.mcu.externaltools.gnu-tools-for-stm32.13.3.rel1.linux64_1.0.0.202410170706/tools/bin/../lib/gcc/arm-none-eabi/13.3.1/thumb/v7e-m+fp/hard/crtbegin.o
                0x08008700                        PROVIDE (__init_array_end = .)
                0x08008700                        . = ALIGN (0x4)

.fini_array     0x08008700        0x4
                0x08008700                        . = ALIGN (0x4)
                [!provide]                        PROVIDE (__fini_array_start = .)
 *(SORT_BY_NAME(.fini_array.*))
 *(.fini_array*)
 .fini_array    0x08008700        0x4 /home/abarnika/st/stm32cubeide_1.19.0/plugins/com.st.stm32cube.ide.mcu.externaltools.gnu-tools-for-stm32.13.3.rel1.linux64_1.0.0.202410170706/tools/bin/../lib/gcc/arm-none-eabi/13.3.1/thumb/v7e-m+fp/hard/crtbegin.o
                [!provide]                        PROVIDE (__fini_array_end = .)
                0x08008704                        . = ALIGN (0x4)
                0x08008704                        _sidata = LOADADDR (.data)

.rel.dyn        0x08008704        0x0
 .rel.iplt      0x08008704        0x0 /home/abarnika/st/stm32cubeide_1.19.0/plugins/com.st.stm32cube.ide.mcu.externaltools.gnu-tools-for-stm32.13.3.rel1.linux64_1.0.0.202410170706/tools/bin/../lib/gcc/arm-none-eabi/13.3.1/thumb/v7e-m+fp/hard/crtbegin.o

.data           0x20000000        0xc load address 0x08008704
                0x20000000                        . = ALIGN (0x4)
                0x20000000                        _sdata = .
 *(.data)
 *(.data*)
 .data.SystemCoreClock
                0x20000000        0x4 ./Core/Src/system_stm32f4xx.o
                0x20000000                SystemCoreClock
 .data.uwTickPrio
                0x20000004        0x4 ./Drivers/STM32F4xx_HAL_Driver/Src/stm32f4xx_hal.o
                0x20000004                uwTickPrio
 .data.uwTickFreq
                0x20000008        0x1 ./Drivers/STM32F4xx_HAL_Driver/Src/stm32f4xx_hal.o
                0x20000008                uwTickFreq
 *(.RamFunc)
 *(.RamFunc*)
                0x2000000c                        . = ALIGN (0x4)
 *fill*         0x20000009        0x3 
                0x2000000c                        _edata = .

.igot.plt       0x2000000c        0x0 load address 0x08008710
 .igot.plt      0x2000000c        0x0 /home/abarnika/st/stm32cubeide_1.19.0/plugins/com.st.stm32cube.ide.mcu.externaltools.gnu-tools-for-stm32.13.3.rel1.linux64_1.0.0.202410170706/tools/bin/../lib/gcc/arm-none-eabi/13.3.1/thumb/v7e-m+fp/hard/crtbegin.o
                0x2000000c                        . = ALIGN (0x4)

.bss            0x2000000c      0x27c load address 0x08008710
                0x2000000c                        _sbss = .
                0x2000000c                        __bss_start__ = _sbss
 *(.bss)
 .bss           0x2000000c       0x1c /home/abarnika/st/stm32cubeide_1.19.0/plugins/com.st.stm32cube.ide.mcu.externaltools.gnu-tools-for-stm32.13.3.rel1.linux64_1.0.0.202410170706/tools/bin/../lib/gcc/arm-none-eabi/13.3.1/thumb/v7e-m+fp/hard/crtbegin.o
 *(.bss*)
 .bss.hi2c1     0x20000028       0x54 ./Core/Src/main.o
                0x20000028                hi2c1
 .bss.uwTick    0x2000007c        0x4 ./Drivers/STM32F4xx_HAL_Driver/Src/stm32f4xx_hal.o
                0x2000007c                uwTick
 .bss.SSD1306_Buffer
                0x20000080      0x200 ./Drivers/oled/ssd1306.o
 .bss.SSD1306   0x20000280        0x6 ./Drivers/oled/ssd1306.o
 *(COMMON)
                0x20000288                        . = ALIGN (0x4)
 *fill*         0x20000286        0x2 
                0x20000288                        _ebss = .
                0x20000288                        __bss_end__ = _ebss

._user_heap_stack
                0x20000288      0x600 load address 0x08008710
                0x20000288                        . = ALIGN (0x8)
                [!provide]                        PROVIDE (end = .)
                0x20000288                        PROVIDE (_end = .)
                0x20000488                        . = (. + _Min_Heap_Size)
 *fill*         0x20000288      0x200 
                0x20000888                        . = (. + _Min_Stack_Size)
 *fill*         0x20000488      0x400 
                0x20000888                        . = ALIGN (0x8)

/DISCARD/
 libc.a(*)
 libm.a(*)
 libgcc.a(*)

.ARM.attributes
                0x00000000       0x30
 *(.ARM.attributes)
 .ARM.attributes
                0x00000000       0x22 /home/abarnika/st/stm32cubeide_1.19.0/plugins/com.st.stm32cube.ide.mcu.externaltools.gnu-tools-for-stm32.13.3.rel1.linux64_1.0.0.202410170706/tools/bin/../lib/gcc/arm-none-eabi/13.3.1/thumb/v7e-m+fp/hard/crti.o
 .ARM.attributes
                0x00000022       0x34 /home/abarnika/st/stm32cubeide_1.19.0/plugins/com.st.stm32cube.ide.mcu.externaltools.gnu-tools-for-stm32.13.3.rel1.linux64_1.0.0.202410170706/tools/bin/../lib/gcc/arm-none-eabi/13.3.1/thumb/v7e-m+fp/hard/crtbegin.o
 .ARM.attributes
                0x00000056       0x34 ./Core/Src/main.o
 .ARM.attributes
                0x0000008a       0x34 ./Core/Src/stm32f4xx_hal_msp.o
 .ARM.attributes
                0x000000be       0x34 ./Core/Src/stm32f4xx_it.o
 .ARM.attributes
                0x000000f2       0x34 ./Core/Src/system_stm32f4xx.o
 .ARM.attributes
                0x00000126       0x21 ./Core/Startup/startup_stm32f446retx.o
 .ARM.attributes
                0x00000147       0x34 ./Drivers/STM32F4xx_HAL_Driver/Src/stm32f4xx_hal.o
 .ARM.attributes
                0x0000017b       0x34 ./Drivers/STM32F4xx_HAL_Driver/Src/stm32f4xx_hal_cortex.o
 .ARM.attributes
                0x000001af       0x34 ./Drivers/STM32F4xx_HAL_Driver/Src/stm32f4xx_hal_dma.o
 .ARM.attributes
                0x000001e3       0x34 ./Drivers/STM32F4xx_HAL_Driver/Src/stm32f4xx_hal_gpio.o
 .ARM.attributes
                0x00000217       0x34 ./Drivers/STM32F4xx_HAL_Driver/Src/stm32f4xx_hal_i2c.o
 .ARM.attributes
                0x0000024b       0x34 ./Drivers/STM32F4xx_HAL_Driver/Src/stm32f4xx_hal_rcc.o
 .ARM.attributes
                0x0000027f       0x34 ./Drivers/STM32F4xx_HAL_Driver/Src/stm32f4xx_hal_rcc_ex.o
 .ARM.attributes
                0x000002b3       0x34 ./Drivers/oled/ssd1306.o
 .ARM.attributes
                0x000002e7       0x34 ./Drivers/oled/ssd1306_fonts.o
 .ARM.attributes
                0x0000031b       0x34 ./Drivers/oled/ssd1306_tests.o
 .ARM.attributes
                0x0000034f       0x34 /home/abarnika/st/stm32cubeide_1.19.0/plugins/com.st.stm32cube.ide.mcu.externaltools.gnu-tools-for-stm32.13.3.rel1.linux64_1.0.0.202410170706/tools/bin/../lib/gcc/arm-none-eabi/13.3.1/../../../../arm-none-eabi/lib/thumb/v7e-m+fp/hard/libc_nano.a(libc_a-memset.o)
 .ARM.attributes
                0x00000383       0x34 /home/abarnika/st/stm32cubeide_1.19.0/plugins/com.st.stm32cube.ide.mcu.externaltools.gnu-tools-for-stm32.13.3.rel1.linux64_1.0.0.202410170706/tools/bin/../lib/gcc/arm-none-eabi/13.3.1/../../../../arm-none-eabi/lib/thumb/v7e-m+fp/hard/libc_nano.a(libc_a-init.o)
 .ARM.attributes
                0x000003b7       0x34 /home/abarnika/st/stm32cubeide_1.19.0/plugins/com.st.stm32cube.ide.mcu.externaltools.gnu-tools-for-stm32.13.3.rel1.linux64_1.0.0.202410170706/tools/bin/../lib/gcc/arm-none-eabi/13.3.1/../../../../arm-none-eabi/lib/thumb/v7e-m+fp/hard/libm.a(libm_a-sf_cos.o)
 .ARM.attributes
                0x000003eb       0x34 /home/abarnika/st/stm32cubeide_1.19.0/plugins/com.st.stm32cube.ide.mcu.externaltools.gnu-tools-for-stm32.13.3.rel1.linux64_1.0.0.202410170706/tools/bin/../lib/gcc/arm-none-eabi/13.3.1/../../../../arm-none-eabi/lib/thumb/v7e-m+fp/hard/libm.a(libm_a-sf_sin.o)
 .ARM.attributes
                0x0000041f       0x34 /home/abarnika/st/stm32cubeide_1.19.0/plugins/com.st.stm32cube.ide.mcu.externaltools.gnu-tools-for-stm32.13.3.rel1.linux64_1.0.0.202410170706/tools/bin/../lib/gcc/arm-none-eabi/13.3.1/../../../../arm-none-eabi/lib/thumb/v7e-m+fp/hard/libm.a(libm_a-kf_cos.o)
 .ARM.attributes
                0x00000453       0x34 /home/abarnika/st/stm32cubeide_1.19.0/plugins/com.st.stm32cube.ide.mcu.externaltools.gnu-tools-for-stm32.13.3.rel1.linux64_1.0.0.202410170706/tools/bin/../lib/gcc/arm-none-eabi/13.3.1/../../../../arm-none-eabi/lib/thumb/v7e-m+fp/hard/libm.a(libm_a-kf_sin.o)
 .ARM.attributes
                0x00000487       0x34 /home/abarnika/st/stm32cubeide_1.19.0/plugins/com.st.stm32cube.ide.mcu.externaltools.gnu-tools-for-stm32.13.3.rel1.linux64_1.0.0.202410170706/tools/bin/../lib/gcc/arm-none-eabi/13.3.1/../../../../arm-none-eabi/lib/thumb/v7e-m+fp/hard/libm.a(libm_a-ef_rem_pio2.o)
 .ARM.attributes
                0x000004bb       0x34 /home/abarnika/st/stm32cubeide_1.19.0/plugins/com.st.stm32cube.ide.mcu.externaltools.gnu-tools-for-stm32.13.3.rel1.linux64_1.0.0.202410170706/tools/bin/../lib/gcc/arm-none-eabi/13.3.1/../../../../arm-none-eabi/lib/thumb/v7e-m+fp/hard/libm.a(libm_a-sf_fabs.o)
 .ARM.attributes
                0x000004ef       0x34 /home/abarnika/st/stm32cubeide_1.19.0/plugins/com.st.stm32cube.ide.mcu.externaltools.gnu-tools-for-stm32.13.3.rel1.linux64_1.0.0.202410170706/tools/bin/../lib/gcc/arm-none-eabi/13.3.1/../../../../arm-none-eabi/lib/thumb/v7e-m+fp/hard/libm.a(libm_a-kf_rem_pio2.o)
 .ARM.attributes
                0x00000523       0x34 /home/abarnika/st/stm32cubeide_1.19.0/plugins/com.st.stm32cube.ide.mcu.externaltools.gnu-tools-for-stm32.13.3.rel1.linux64_1.0.0.202410170706/tools/bin/../lib/gcc/arm-none-eabi/13.3.1/../../../../arm-none-eabi/lib/thumb/v7e-m+fp/hard/libm.a(libm_a-sf_scalbn.o)
 .ARM.attributes
                0x00000557       0x34 /home/abarnika/st/stm32cubeide_1.19.0/plugins/com.st.stm32cube.ide.mcu.externaltools.gnu-tools-for-stm32.13.3.rel1.linux64_1.0.0.202410170706/tools/bin/../lib/gcc/arm-none-eabi/13.3.1/../../../../arm-none-eabi/lib/thumb/v7e-m+fp/hard/libm.a(libm_a-sf_floor.o)
 .ARM.attributes
                0x0000058b       0x22 /home/abarnika/st/stm32cubeide_1.19.0/plugins/com.st.stm32cube.ide.mcu.externaltools.gnu-tools-for-stm32.13.3.rel1.linux64_1.0.0.202410170706/tools/bin/../lib/gcc/arm-none-eabi/13.3.1/thumb/v7e-m+fp/hard/libgcc.a(_aeabi_uldivmod.o)
 .ARM.attributes
                0x000005ad       0x34 /home/abarnika/st/stm32cubeide_1.19.0/plugins/com.st.stm32cube.ide.mcu.externaltools.gnu-tools-for-stm32.13.3.rel1.linux64_1.0.0.202410170706/tools/bin/../lib/gcc/arm-none-eabi/13.3.1/thumb/v7e-m+fp/hard/libgcc.a(_udivmoddi4.o)
 .ARM.attributes
                0x000005e1       0x22 /home/abarnika/st/stm32cubeide_1.19.0/plugins/com.st.stm32cube.ide.mcu.externaltools.gnu-tools-for-stm32.13.3.rel1.linux64_1.0.0.202410170706/tools/bin/../lib/gcc/arm-none-eabi/13.3.1/thumb/v7e-m+fp/hard/libgcc.a(_dvmd_tls.o)
 .ARM.attributes
                0x00000603       0x22 /home/abarnika/st/stm32cubeide_1.19.0/plugins/com.st.stm32cube.ide.mcu.externaltools.gnu-tools-for-stm32.13.3.rel1.linux64_1.0.0.202410170706/tools/bin/../lib/gcc/arm-none-eabi/13.3.1/thumb/v7e-m+fp/hard/crtn.o
OUTPUT(Graphics_01.elf elf32-littlearm)
LOAD linker stubs
LOAD /home/abarnika/st/stm32cubeide_1.19.0/plugins/com.st.stm32cube.ide.mcu.externaltools.gnu-tools-for-stm32.13.3.rel1.linux64_1.0.0.202410170706/tools/bin/../lib/gcc/arm-none-eabi/13.3.1/../../../../arm-none-eabi/lib/thumb/v7e-m+fp/hard/libc.a
LOAD /home/abarnika/st/stm32cubeide_1.19.0/plugins/com.st.stm32cube.ide.mcu.externaltools.gnu-tools-for-stm32.13.3.rel1.linux64_1.0.0.202410170706/tools/bin/../lib/gcc/arm-none-eabi/13.3.1/../../../../arm-none-eabi/lib/thumb/v7e-m+fp/hard/libm.a
LOAD /home/abarnika/st/stm32cubeide_1.19.0/plugins/com.st.stm32cube.ide.mcu.externaltools.gnu-tools-for-stm32.13.3.rel1.linux64_1.0.0.202410170706/tools/bin/../lib/gcc/arm-none-eabi/13.3.1/thumb/v7e-m+fp/hard/libgcc.a

.debug_info     0x00000000     0x9cb1
 .debug_info    0x00000000      0xac8 ./Core/Src/main.o
 .debug_info    0x00000ac8      0xbfe ./Core/Src/stm32f4xx_hal_msp.o
 .debug_info    0x000016c6      0x6bf ./Core/Src/stm32f4xx_it.o
 .debug_info    0x00001d85      0x54a ./Core/Src/system_stm32f4xx.o
 .debug_info    0x000022cf       0x30 ./Core/Startup/startup_stm32f446retx.o
 .debug_info    0x000022ff      0x99a ./Drivers/STM32F4xx_HAL_Driver/Src/stm32f4xx_hal.o
 .debug_info    0x00002c99      0xdaa ./Drivers/STM32F4xx_HAL_Driver/Src/stm32f4xx_hal_cortex.o
 .debug_info    0x00003a43      0x8e7 ./Drivers/STM32F4xx_HAL_Driver/Src/stm32f4xx_hal_dma.o
 .debug_info    0x0000432a      0x70b ./Drivers/STM32F4xx_HAL_Driver/Src/stm32f4xx_hal_gpio.o
 .debug_info    0x00004a35     0x2421 ./Drivers/STM32F4xx_HAL_Driver/Src/stm32f4xx_hal_i2c.o
 .debug_info    0x00006e56      0x8ff ./Drivers/STM32F4xx_HAL_Driver/Src/stm32f4xx_hal_rcc.o
 .debug_info    0x00007755      0x960 ./Drivers/STM32F4xx_HAL_Driver/Src/stm32f4xx_hal_rcc_ex.o
 .debug_info    0x000080b5     0x128f ./Drivers/oled/ssd1306.o
 .debug_info    0x00009344      0x2a4 ./Drivers/oled/ssd1306_fonts.o
 .debug_info    0x000095e8      0x6c9 ./Drivers/oled/ssd1306_tests.o

.debug_abbrev   0x00000000     0x1e08
 .debug_abbrev  0x00000000      0x251 ./Core/Src/main.o
 .debug_abbrev  0x00000251      0x1c4 ./Core/Src/stm32f4xx_hal_msp.o
 .debug_abbrev  0x00000415      0x16f ./Core/Src/stm32f4xx_it.o
 .debug_abbrev  0x00000584      0x11a ./Core/Src/system_stm32f4xx.o
 .debug_abbrev  0x0000069e       0x24 ./Core/Startup/startup_stm32f446retx.o
 .debug_abbrev  0x000006c2      0x214 ./Drivers/STM32F4xx_HAL_Driver/Src/stm32f4xx_hal.o
 .debug_abbrev  0x000008d6      0x31d ./Drivers/STM32F4xx_HAL_Driver/Src/stm32f4xx_hal_cortex.o
 .debug_abbrev  0x00000bf3      0x264 ./Drivers/STM32F4xx_HAL_Driver/Src/stm32f4xx_hal_dma.o
 .debug_abbrev  0x00000e57      0x1d4 ./Drivers/STM32F4xx_HAL_Driver/Src/stm32f4xx_hal_gpio.o
 .debug_abbrev  0x0000102b      0x2ad ./Drivers/STM32F4xx_HAL_Driver/Src/stm32f4xx_hal_i2c.o
 .debug_abbrev  0x000012d8      0x2b7 ./Drivers/STM32F4xx_HAL_Driver/Src/stm32f4xx_hal_rcc.o
 .debug_abbrev  0x0000158f      0x211 ./Drivers/STM32F4xx_HAL_Driver/Src/stm32f4xx_hal_rcc_ex.o
 .debug_abbrev  0x000017a0      0x357 ./Drivers/oled/ssd1306.o
 .debug_abbrev  0x00001af7       0xcf ./Drivers/oled/ssd1306_fonts.o
 .debug_abbrev  0x00001bc6      0x242 ./Drivers/oled/ssd1306_tests.o

.debug_aranges  0x00000000      0x978
 .debug_aranges
                0x00000000       0x40 ./Core/Src/main.o
 .debug_aranges
                0x00000040       0x30 ./Core/Src/stm32f4xx_hal_msp.o
 .debug_aranges
                0x00000070       0x78 ./Core/Src/stm32f4xx_it.o
 .debug_aranges
                0x000000e8       0x28 ./Core/Src/system_stm32f4xx.o
 .debug_aranges
                0x00000110       0x28 ./Core/Startup/startup_stm32f446retx.o
 .debug_aranges
                0x00000138       0xf0 ./Drivers/STM32F4xx_HAL_Driver/Src/stm32f4xx_hal.o
 .debug_aranges
                0x00000228      0x130 ./Drivers/STM32F4xx_HAL_Driver/Src/stm32f4xx_hal_cortex.o
 .debug_aranges
                0x00000358       0x90 ./Drivers/STM32F4xx_HAL_Driver/Src/stm32f4xx_hal_dma.o
 .debug_aranges
                0x000003e8       0x58 ./Drivers/STM32F4xx_HAL_Driver/Src/stm32f4xx_hal_gpio.o
 .debug_aranges
                0x00000440      0x2a8 ./Drivers/STM32F4xx_HAL_Driver/Src/stm32f4xx_hal_i2c.o
 .debug_aranges
                0x000006e8       0x88 ./Drivers/STM32F4xx_HAL_Driver/Src/stm32f4xx_hal_rcc.o
 .debug_aranges
                0x00000770       0x78 ./Drivers/STM32F4xx_HAL_Driver/Src/stm32f4xx_hal_rcc_ex.o
 .debug_aranges
                0x000007e8       0xe8 ./Drivers/oled/ssd1306.o
 .debug_aranges
                0x000008d0       0x18 ./Drivers/oled/ssd1306_fonts.o
 .debug_aranges
                0x000008e8       0x90 ./Drivers/oled/ssd1306_tests.o

.debug_rnglists
                0x00000000      0x733
 .debug_rnglists
                0x00000000       0x2c ./Core/Src/main.o
 .debug_rnglists
                0x0000002c       0x20 ./Core/Src/stm32f4xx_hal_msp.o
 .debug_rnglists
                0x0000004c       0x55 ./Core/Src/stm32f4xx_it.o
 .debug_rnglists
                0x000000a1       0x1a ./Core/Src/system_stm32f4xx.o
 .debug_rnglists
                0x000000bb       0x19 ./Core/Startup/startup_stm32f446retx.o
 .debug_rnglists
                0x000000d4       0xaf ./Drivers/STM32F4xx_HAL_Driver/Src/stm32f4xx_hal.o
 .debug_rnglists
                0x00000183       0xe0 ./Drivers/STM32F4xx_HAL_Driver/Src/stm32f4xx_hal_cortex.o
 .debug_rnglists
                0x00000263       0x70 ./Drivers/STM32F4xx_HAL_Driver/Src/stm32f4xx_hal_dma.o
 .debug_rnglists
                0x000002d3       0x3f ./Drivers/STM32F4xx_HAL_Driver/Src/stm32f4xx_hal_gpio.o
 .debug_rnglists
                0x00000312      0x23c ./Drivers/STM32F4xx_HAL_Driver/Src/stm32f4xx_hal_i2c.o
 .debug_rnglists
                0x0000054e       0x66 ./Drivers/STM32F4xx_HAL_Driver/Src/stm32f4xx_hal_rcc.o
 .debug_rnglists
                0x000005b4       0x5e ./Drivers/STM32F4xx_HAL_Driver/Src/stm32f4xx_hal_rcc_ex.o
 .debug_rnglists
                0x00000612       0xb4 ./Drivers/oled/ssd1306.o
 .debug_rnglists
                0x000006c6       0x6d ./Drivers/oled/ssd1306_tests.o

.debug_macro    0x00000000    0x210b1
 .debug_macro   0x00000000      0x229 ./Core/Src/main.o
 .debug_macro   0x00000229      0xad8 ./Core/Src/main.o
 .debug_macro   0x00000d01      0x295 ./Core/Src/main.o
 .debug_macro   0x00000f96       0x2e ./Core/Src/main.o
 .debug_macro   0x00000fc4       0x28 ./Core/Src/main.o
 .debug_macro   0x00000fec       0x22 ./Core/Src/main.o
 .debug_macro   0x0000100e       0x8e ./Core/Src/main.o
 .debug_macro   0x0000109c       0x51 ./Core/Src/main.o
 .debug_macro   0x000010ed      0x103 ./Core/Src/main.o
 .debug_macro   0x000011f0       0x6a ./Core/Src/main.o
 .debug_macro   0x0000125a      0x1df ./Core/Src/main.o
 .debug_macro   0x00001439       0x1c ./Core/Src/main.o
 .debug_macro   0x00001455       0x22 ./Core/Src/main.o
 .debug_macro   0x00001477       0xfb ./Core/Src/main.o
 .debug_macro   0x00001572     0x1011 ./Core/Src/main.o
 .debug_macro   0x00002583      0x11f ./Core/Src/main.o
 .debug_macro   0x000026a2    0x1675e ./Core/Src/main.o
 .debug_macro   0x00018e00       0x6d ./Core/Src/main.o
 .debug_macro   0x00018e6d     0x3693 ./Core/Src/main.o
 .debug_macro   0x0001c500      0x190 ./Core/Src/main.o
 .debug_macro   0x0001c690       0x5c ./Core/Src/main.o
 .debug_macro   0x0001c6ec      0xca5 ./Core/Src/main.o
 .debug_macro   0x0001d391      0x9e9 ./Core/Src/main.o
 .debug_macro   0x0001dd7a      0x115 ./Core/Src/main.o
 .debug_macro   0x0001de8f      0x1a0 ./Core/Src/main.o
 .debug_macro   0x0001e02f       0xa5 ./Core/Src/main.o
 .debug_macro   0x0001e0d4      0x16d ./Core/Src/main.o
 .debug_macro   0x0001e241      0x287 ./Core/Src/main.o
 .debug_macro   0x0001e4c8       0x5f ./Core/Src/main.o
 .debug_macro   0x0001e527      0x236 ./Core/Src/main.o
 .debug_macro   0x0001e75d      0x132 ./Core/Src/main.o
 .debug_macro   0x0001e88f      0x29c ./Core/Src/main.o
 .debug_macro   0x0001eb2b       0x2e ./Core/Src/main.o
 .debug_macro   0x0001eb59      0x1b5 ./Core/Src/main.o
 .debug_macro   0x0001ed0e       0x22 ./Core/Src/main.o
 .debug_macro   0x0001ed30       0xd6 ./Core/Src/main.o
 .debug_macro   0x0001ee06      0x127 ./Core/Src/main.o
 .debug_macro   0x0001ef2d       0xe8 ./Core/Src/main.o
 .debug_macro   0x0001f015       0x89 ./Core/Src/main.o
 .debug_macro   0x0001f09e      0x126 ./Core/Src/main.o
 .debug_macro   0x0001f1c4       0x61 ./Core/Src/main.o
 .debug_macro   0x0001f225       0x2a ./Core/Src/main.o
 .debug_macro   0x0001f24f       0x43 ./Core/Src/main.o
 .debug_macro   0x0001f292       0x34 ./Core/Src/main.o
 .debug_macro   0x0001f2c6       0x52 ./Core/Src/main.o
 .debug_macro   0x0001f318       0x40 ./Core/Src/main.o
 .debug_macro   0x0001f358      0x1d3 ./Core/Src/stm32f4xx_hal_msp.o
 .debug_macro   0x0001f52b      0x1dd ./Core/Src/stm32f4xx_it.o
 .debug_macro   0x0001f708      0x1c9 ./Core/Src/system_stm32f4xx.o
 .debug_macro   0x0001f8d1      0x229 ./Drivers/STM32F4xx_HAL_Driver/Src/stm32f4xx_hal.o
 .debug_macro   0x0001fafa      0x1c9 ./Drivers/STM32F4xx_HAL_Driver/Src/stm32f4xx_hal_cortex.o
 .debug_macro   0x0001fcc3      0x1cf ./Drivers/STM32F4xx_HAL_Driver/Src/stm32f4xx_hal_dma.o
 .debug_macro   0x0001fe92      0x1cf ./Drivers/STM32F4xx_HAL_Driver/Src/stm32f4xx_hal_gpio.o
 .debug_macro   0x00020061      0x217 ./Drivers/STM32F4xx_HAL_Driver/Src/stm32f4xx_hal_i2c.o
 .debug_macro   0x00020278      0x1ed ./Drivers/STM32F4xx_HAL_Driver/Src/stm32f4xx_hal_rcc.o
 .debug_macro   0x00020465      0x1c9 ./Drivers/STM32F4xx_HAL_Driver/Src/stm32f4xx_hal_rcc_ex.o
 .debug_macro   0x0002062e      0x2f4 ./Drivers/oled/ssd1306.o
 .debug_macro   0x00020922       0x28 ./Drivers/oled/ssd1306.o
 .debug_macro   0x0002094a      0x19b ./Drivers/oled/ssd1306.o
 .debug_macro   0x00020ae5       0x16 ./Drivers/oled/ssd1306.o
 .debug_macro   0x00020afb       0x20 ./Drivers/oled/ssd1306.o
 .debug_macro   0x00020b1b      0x21f ./Drivers/oled/ssd1306_fonts.o
 .debug_macro   0x00020d3a      0x2f5 ./Drivers/oled/ssd1306_tests.o
 .debug_macro   0x0002102f       0x10 ./Drivers/oled/ssd1306_tests.o
 .debug_macro   0x0002103f       0x1c ./Drivers/oled/ssd1306_tests.o
 .debug_macro   0x0002105b       0x56 ./Drivers/oled/ssd1306_tests.o

.debug_line     0x00000000     0xce32
 .debug_line    0x00000000      0x8c6 ./Core/Src/main.o
 .debug_line    0x000008c6      0x6f1 ./Core/Src/stm32f4xx_hal_msp.o
 .debug_line    0x00000fb7      0x78d ./Core/Src/stm32f4xx_it.o
 .debug_line    0x00001744      0x711 ./Core/Src/system_stm32f4xx.o
 .debug_line    0x00001e55       0x7a ./Core/Startup/startup_stm32f446retx.o
 .debug_line    0x00001ecf      0x98d ./Drivers/STM32F4xx_HAL_Driver/Src/stm32f4xx_hal.o
 .debug_line    0x0000285c      0xc5d ./Drivers/STM32F4xx_HAL_Driver/Src/stm32f4xx_hal_cortex.o
 .debug_line    0x000034b9      0xef9 ./Drivers/STM32F4xx_HAL_Driver/Src/stm32f4xx_hal_dma.o
 .debug_line    0x000043b2      0xad1 ./Drivers/STM32F4xx_HAL_Driver/Src/stm32f4xx_hal_gpio.o
 .debug_line    0x00004e83     0x3a3a ./Drivers/STM32F4xx_HAL_Driver/Src/stm32f4xx_hal_i2c.o
 .debug_line    0x000088bd      0xda6 ./Drivers/STM32F4xx_HAL_Driver/Src/stm32f4xx_hal_rcc.o
 .debug_line    0x00009663     0x1456 ./Drivers/STM32F4xx_HAL_Driver/Src/stm32f4xx_hal_rcc_ex.o
 .debug_line    0x0000aab9     0x10f7 ./Drivers/oled/ssd1306.o
 .debug_line    0x0000bbb0      0x790 ./Drivers/oled/ssd1306_fonts.o
 .debug_line    0x0000c340      0xaf2 ./Drivers/oled/ssd1306_tests.o

.debug_str      0x00000000    0xc96eb
 .debug_str     0x00000000    0xc96eb ./Core/Src/main.o
                              0xc2f24 (size before relaxing)
 .debug_str     0x000c96eb    0xc2dd2 ./Core/Src/stm32f4xx_hal_msp.o
 .debug_str     0x000c96eb    0xc278c ./Core/Src/stm32f4xx_it.o
 .debug_str     0x000c96eb    0xc236a ./Core/Src/system_stm32f4xx.o
 .debug_str     0x000c96eb       0x83 ./Core/Startup/startup_stm32f446retx.o
 .debug_str     0x000c96eb    0xc2f2f ./Drivers/STM32F4xx_HAL_Driver/Src/stm32f4xx_hal.o
 .debug_str     0x000c96eb    0xc2c86 ./Drivers/STM32F4xx_HAL_Driver/Src/stm32f4xx_hal_cortex.o
 .debug_str     0x000c96eb    0xc275f ./Drivers/STM32F4xx_HAL_Driver/Src/stm32f4xx_hal_dma.o
 .debug_str     0x000c96eb    0xc24e5 ./Drivers/STM32F4xx_HAL_Driver/Src/stm32f4xx_hal_gpio.o
 .debug_str     0x000c96eb    0xc3368 ./Drivers/STM32F4xx_HAL_Driver/Src/stm32f4xx_hal_i2c.o
 .debug_str     0x000c96eb    0xc27a3 ./Drivers/STM32F4xx_HAL_Driver/Src/stm32f4xx_hal_rcc.o
 .debug_str     0x000c96eb    0xc27d6 ./Drivers/STM32F4xx_HAL_Driver/Src/stm32f4xx_hal_rcc_ex.o
 .debug_str     0x000c96eb    0xc686e ./Drivers/oled/ssd1306.o
 .debug_str     0x000c96eb    0xc27c9 ./Drivers/oled/ssd1306_fonts.o
 .debug_str     0x000c96eb    0xc5fb7 ./Drivers/oled/ssd1306_tests.o

.comment        0x00000000       0x43
 .comment       0x00000000       0x43 ./Core/Src/main.o
                                 0x44 (size before relaxing)
 .comment       0x00000043       0x44 ./Core/Src/stm32f4xx_hal_msp.o
 .comment       0x00000043       0x44 ./Core/Src/stm32f4xx_it.o
 .comment       0x00000043       0x44 ./Core/Src/system_stm32f4xx.o
 .comment       0x00000043       0x44 ./Drivers/STM32F4xx_HAL_Driver/Src/stm32f4xx_hal.o
 .comment       0x00000043       0x44 ./Drivers/STM32F4xx_HAL_Driver/Src/stm32f4xx_hal_cortex.o
 .comment       0x00000043       0x44 ./Drivers/STM32F4xx_HAL_Driver/Src/stm32f4xx_hal_dma.o
 .comment       0x00000043       0x44 ./Drivers/STM32F4xx_HAL_Driver/Src/stm32f4xx_hal_gpio.o
 .comment       0x00000043       0x44 ./Drivers/STM32F4xx_HAL_Driver/Src/stm32f4xx_hal_i2c.o
 .comment       0x00000043       0x44 ./Drivers/STM32F4xx_HAL_Driver/Src/stm32f4xx_hal_rcc.o
 .comment       0x00000043       0x44 ./Drivers/STM32F4xx_HAL_Driver/Src/stm32f4xx_hal_rcc_ex.o
 .comment       0x00000043       0x44 ./Drivers/oled/ssd1306.o
 .comment       0x00000043       0x44 ./Drivers/oled/ssd1306_fonts.o
 .comment       0x00000043       0x44 ./Drivers/oled/ssd1306_tests.o

.debug_frame    0x00000000     0x27c4
 .debug_frame   0x00000000       0xac ./Core/Src/main.o
 .debug_frame   0x000000ac       0x7c ./Core/Src/stm32f4xx_hal_msp.o
 .debug_frame   0x00000128      0x15c ./Core/Src/stm32f4xx_it.o
 .debug_frame   0x00000284       0x58 ./Core/Src/system_stm32f4xx.o
 .debug_frame   0x000002dc      0x374 ./Drivers/STM32F4xx_HAL_Driver/Src/stm32f4xx_hal.o
 .debug_frame   0x00000650      0x508 ./Drivers/STM32F4xx_HAL_Driver/Src/stm32f4xx_hal_cortex.o
 .debug_frame   0x00000b58      0x250 ./Drivers/STM32F4xx_HAL_Driver/Src/stm32f4xx_hal_dma.o
 .debug_frame   0x00000da8      0x14c ./Drivers/STM32F4xx_HAL_Driver/Src/stm32f4xx_hal_gpio.o
 .debug_frame   0x00000ef4      0xc84 ./Drivers/STM32F4xx_HAL_Driver/Src/stm32f4xx_hal_i2c.o
 .debug_frame   0x00001b78      0x1f4 ./Drivers/STM32F4xx_HAL_Driver/Src/stm32f4xx_hal_rcc.o
 .debug_frame   0x00001d6c      0x1e8 ./Drivers/STM32F4xx_HAL_Driver/Src/stm32f4xx_hal_rcc_ex.o
 .debug_frame   0x00001f54      0x3e4 ./Drivers/oled/ssd1306.o
 .debug_frame   0x00002338      0x23c ./Drivers/oled/ssd1306_tests.o
 .debug_frame   0x00002574       0x20 /home/abarnika/st/stm32cubeide_1.19.0/plugins/com.st.stm32cube.ide.mcu.externaltools.gnu-tools-for-stm32.13.3.rel1.linux64_1.0.0.202410170706/tools/bin/../lib/gcc/arm-none-eabi/13.3.1/../../../../arm-none-eabi/lib/thumb/v7e-m+fp/hard/libc_nano.a(libc_a-memset.o)
 .debug_frame   0x00002594       0x2c /home/abarnika/st/stm32cubeide_1.19.0/plugins/com.st.stm32cube.ide.mcu.externaltools.gnu-tools-for-stm32.13.3.rel1.linux64_1.0.0.202410170706/tools/bin/../lib/gcc/arm-none-eabi/13.3.1/../../../../arm-none-eabi/lib/thumb/v7e-m+fp/hard/libc_nano.a(libc_a-init.o)
 .debug_frame   0x000025c0       0x38 /home/abarnika/st/stm32cubeide_1.19.0/plugins/com.st.stm32cube.ide.mcu.externaltools.gnu-tools-for-stm32.13.3.rel1.linux64_1.0.0.202410170706/tools/bin/../lib/gcc/arm-none-eabi/13.3.1/../../../../arm-none-eabi/lib/thumb/v7e-m+fp/hard/libm.a(libm_a-sf_cos.o)
 .debug_frame   0x000025f8       0x38 /home/abarnika/st/stm32cubeide_1.19.0/plugins/com.st.stm32cube.ide.mcu.externaltools.gnu-tools-for-stm32.13.3.rel1.linux64_1.0.0.202410170706/tools/bin/../lib/gcc/arm-none-eabi/13.3.1/../../../../arm-none-eabi/lib/thumb/v7e-m+fp/hard/libm.a(libm_a-sf_sin.o)
 .debug_frame   0x00002630       0x20 /home/abarnika/st/stm32cubeide_1.19.0/plugins/com.st.stm32cube.ide.mcu.externaltools.gnu-tools-for-stm32.13.3.rel1.linux64_1.0.0.202410170706/tools/bin/../lib/gcc/arm-none-eabi/13.3.1/../../../../arm-none-eabi/lib/thumb/v7e-m+fp/hard/libm.a(libm_a-kf_cos.o)
 .debug_frame   0x00002650       0x20 /home/abarnika/st/stm32cubeide_1.19.0/plugins/com.st.stm32cube.ide.mcu.externaltools.gnu-tools-for-stm32.13.3.rel1.linux64_1.0.0.202410170706/tools/bin/../lib/gcc/arm-none-eabi/13.3.1/../../../../arm-none-eabi/lib/thumb/v7e-m+fp/hard/libm.a(libm_a-kf_sin.o)
 .debug_frame   0x00002670       0x38 /home/abarnika/st/stm32cubeide_1.19.0/plugins/com.st.stm32cube.ide.mcu.externaltools.gnu-tools-for-stm32.13.3.rel1.linux64_1.0.0.202410170706/tools/bin/../lib/gcc/arm-none-eabi/13.3.1/../../../../arm-none-eabi/lib/thumb/v7e-m+fp/hard/libm.a(libm_a-ef_rem_pio2.o)
 .debug_frame   0x000026a8       0x20 /home/abarnika/st/stm32cubeide_1.19.0/plugins/com.st.stm32cube.ide.mcu.externaltools.gnu-tools-for-stm32.13.3.rel1.linux64_1.0.0.202410170706/tools/bin/../lib/gcc/arm-none-eabi/13.3.1/../../../../arm-none-eabi/lib/thumb/v7e-m+fp/hard/libm.a(libm_a-sf_fabs.o)
 .debug_frame   0x000026c8       0x5c /home/abarnika/st/stm32cubeide_1.19.0/plugins/com.st.stm32cube.ide.mcu.externaltools.gnu-tools-for-stm32.13.3.rel1.linux64_1.0.0.202410170706/tools/bin/../lib/gcc/arm-none-eabi/13.3.1/../../../../arm-none-eabi/lib/thumb/v7e-m+fp/hard/libm.a(libm_a-kf_rem_pio2.o)
 .debug_frame   0x00002724       0x20 /home/abarnika/st/stm32cubeide_1.19.0/plugins/com.st.stm32cube.ide.mcu.externaltools.gnu-tools-for-stm32.13.3.rel1.linux64_1.0.0.202410170706/tools/bin/../lib/gcc/arm-none-eabi/13.3.1/../../../../arm-none-eabi/lib/thumb/v7e-m+fp/hard/libm.a(libm_a-sf_scalbn.o)
 .debug_frame   0x00002744       0x20 /home/abarnika/st/stm32cubeide_1.19.0/plugins/com.st.stm32cube.ide.mcu.externaltools.gnu-tools-for-stm32.13.3.rel1.linux64_1.0.0.202410170706/tools/bin/../lib/gcc/arm-none-eabi/13.3.1/../../../../arm-none-eabi/lib/thumb/v7e-m+fp/hard/libm.a(libm_a-sf_floor.o)
 .debug_frame   0x00002764       0x2c /home/abarnika/st/stm32cubeide_1.19.0/plugins/com.st.stm32cube.ide.mcu.externaltools.gnu-tools-for-stm32.13.3.rel1.linux64_1.0.0.202410170706/tools/bin/../lib/gcc/arm-none-eabi/13.3.1/thumb/v7e-m+fp/hard/libgcc.a(_aeabi_uldivmod.o)
 .debug_frame   0x00002790       0x34 /home/abarnika/st/stm32cubeide_1.19.0/plugins/com.st.stm32cube.ide.mcu.externaltools.gnu-tools-for-stm32.13.3.rel1.linux64_1.0.0.202410170706/tools/bin/../lib/gcc/arm-none-eabi/13.3.1/thumb/v7e-m+fp/hard/libgcc.a(_udivmoddi4.o)

.debug_line_str
                0x00000000       0x67
 .debug_line_str
                0x00000000       0x67 ./Core/Startup/startup_stm32f446retx.o
